

     ************************************************************************
     *************** Dalton - An Electronic Structure Program ***************
     ************************************************************************

    This is output from DALTON release Dalton2022.0-dev (2022)
         ( Web site: http://daltonprogram.org )

   ----------------------------------------------------------------------------

    NOTE:
     
    Dalton is an experimental code for the evaluation of molecular
    properties using (MC)SCF, DFT, CI, and CC wave functions.
    The authors accept no responsibility for the performance of
    the code or for the correctness of the results.
     
    The code (in whole or part) is provided under a licence and
    is not to be reproduced for further distribution without
    the written permission of the authors or their representatives.
     
    See the home page "http://daltonprogram.org" for further information.
     
    If results obtained with this code are published,
    the appropriate citations would be both of:
     
       K. Aidas, C. Angeli, K. L. Bak, V. Bakken,
       R. Bast, L. Boman, O. Christiansen, R. Cimiraglia,
       S. Coriani, P. Dahle, E. K. Dalskov, U. Ekstroem,
       T. Enevoldsen, J. J. Eriksen, P. Ettenhuber, B. Fernandez,
       L. Ferrighi, H. Fliegl, L. Frediani, K. Hald, A. Halkier,
       C. Haettig, H. Heiberg, T. Helgaker, A. C. Hennum,
       H. Hettema, E. Hjertenaes, S. Hoest, I.-M. Hoeyvik,
       M. F. Iozzi, B. Jansik, H. J. Aa. Jensen, D. Jonsson,
       P. Joergensen, J. Kauczor, S. Kirpekar,
       T. Kjaergaard, W. Klopper, S. Knecht, R. Kobayashi, H. Koch,
       J. Kongsted, A. Krapp, K. Kristensen, A. Ligabue,
       O. B. Lutnaes, J. I. Melo, K. V. Mikkelsen, R. H. Myhre,
       C. Neiss, C. B. Nielsen, P. Norman, J. Olsen,
       J. M. H. Olsen, A. Osted, M. J. Packer, F. Pawlowski,
       T. B. Pedersen, P. F. Provasi, S. Reine, Z. Rinkevicius,
       T. A. Ruden, K. Ruud, V. Rybkin, P. Salek, C. C. M. Samson,
       A. Sanchez de Meras, T. Saue, S. P. A. Sauer,
       B. Schimmelpfennig, K. Sneskov, A. H. Steindal,
       K. O. Sylvester-Hvid, P. R. Taylor, A. M. Teale,
       E. I. Tellgren, D. P. Tew, A. J. Thorvaldsen, L. Thoegersen,
       O. Vahtras, M. A. Watson, D. J. D. Wilson, M. Ziolkowski
       and H. Agren,
       "The Dalton quantum chemistry program system",
       WIREs Comput. Mol. Sci. 2014, 4:269â€“284 (doi: 10.1002/wcms.1172)
     
    and
     
       Dalton, a molecular electronic structure program,
       Release Dalton2022.0-dev (2022), see http://daltonprogram.org
   ----------------------------------------------------------------------------

    Authors in alphabetical order (Major contribution(s) in parenthesis):

  Kestutis Aidas,              Vilnius University,        Lithuania   (QM/MM)
  Celestino Angeli,            University of Ferrara,     Italy       (NEVPT2)
  Juan J. Aucar,               Northeast National UniversiArgentina   (LRESC, Relativistic Effects on EFG)
  Keld L. Bak,                 UNI-C,                     Denmark     (AOSOPPA, non-adiabatic coupling, magnetic properties)
  Vebjoern Bakken,             University of Oslo,        Norway      (DALTON; geometry optimizer, symmetry detection)
  Radovan Bast,                UiT The Arctic U. of NorwayNorway      (DALTON installation and execution frameworks)
  Pablo Baudin,                University of Valencia,    Spain       (Cholesky excitation energies)
  Linus Boman,                 NTNU,                      Norway      (Cholesky decomposition and subsystems)
  Bruno N. Cabral Tenorio,     Technical Univ. of Denmark,Denmark     (Lanczos-based CC methods)
  Ove Christiansen,            Aarhus University,         Denmark     (CC module)
  Renzo Cimiraglia,            University of Ferrara,     Italy       (NEVPT2)
  Sonia Coriani,               Technical Univ. of Denmark,Denmark     (CC and RESPONS modules)
  Janusz Cukras,               University of Warsaw,      Poland      (MChD in RESPONS)
  Paal Dahle,                  University of Oslo,        Norway      (Parallelization)
  Erik K. Dalskov,             UNI-C,                     Denmark     (SOPPA)
  Thomas Enevoldsen,           Univ. of Southern Denmark, Denmark     (SOPPA)
  Janus J. Eriksen,            Aarhus University,         Denmark     (Polarizable embedding, TDA)
  Rasmus Faber,                Technical Univ. of Denmark,Denmark     (Vib.avg. NMR w. SOPPA, parallel AO-SOPPA, CVS-CC and EOMCC)
  Tobias Fahleson,             KTH Stockholm,             Sweden      (Damped cubic response)
  Berta Fernandez,             U. of Santiago de CompostelSpain       (Doublet spin, ESR in RESPONS)
  Lara Ferrighi,               Aarhus University,         Denmark     (PCM Cubic response)
  Heike Fliegl,                University of Oslo,        Norway      (CCSD(R12))
  Luca Frediani,               UiT The Arctic U. of NorwayNorway      (PCM)
  Emmanuel Fromager,           Univ. Strasbourg,          France      (MC-srDFT)
  Bin Gao,                     UiT The Arctic U. of NorwayNorway      (Gen1Int library)
  Andre S. P. Gomes,           CNRS/Universite de Lille,  France      (Frozen density embedding)
  Christof Haettig,            Ruhr-University Bochum,    Germany     (CC module)
  Kasper Hald,                 Aarhus University,         Denmark     (CC module)
  Asger Halkier,               Aarhus University,         Denmark     (CC module)
  Frederik Beyer Hansen,       University of Copenhagen,  Denmark     (Parallel AO-SOPPA)
  Erik D. Hedegaard,           Univ. of Southern Denmark, Denmark     (Polarizable embedding, QM/MM, and MC-srDFT)
  Hanne Heiberg,               University of Oslo,        Norway      (Geometry analysis, selected one-electron integrals)
  Trygve Helgaker,             University of Oslo,        Norway      (DALTON; ABACUS, ERI, DFT modules, London, and much more)
  Alf Christian Hennum,        University of Oslo,        Norway      (Parity violation)
  Hinne Hettema,               University of Auckland,    New Zealand (Quadratic response in RESPONS; SIRIUS supersymmetry)
  Andreas E. Hillers-Bendtsen, University of Copenhagen,  Denmark     (MP3)
  Eirik Hjertenaes,            NTNU,                      Norway      (Cholesky decomposition)
  Nicolai Machholdt Hoeyer,    Aarhus University,         Denmark     (MP3)
  Pi A. B. Haase,              University of Copenhagen,  Denmark     (Triplet AO-SOPPA)
  Maria Francesca Iozzi,       University of Oslo,        Norway      (RPA)
  Christoph Jacob              TU Braunschweig            Germany     (Frozen density embedding)
  Brano Jansik                 Technical Univ. of Ostrava Czech Rep.  (DFT cubic response)
  Hans Joergen Aa. Jensen,     Univ. of Southern Denmark, Denmark     (DALTON; SIRIUS, RESPONS, ABACUS, MC-srDFT, and much more)
  Dan Jonsson,                 UiT The Arctic U. of NorwayNorway      (Cubic response in RESPONS module)
  Poul Joergensen,             Aarhus University,         Denmark     (RESPONS, ABACUS, and CC modules)
  Maciej Kaminski,             University of Warsaw,      Poland      (CPPh in RESPONS)
  Joanna Kauczor,              Linkoeping University,     Sweden      (Complex polarization propagator (CPP) module)
  Sheela Kirpekar,             Univ. of Southern Denmark, Denmark     (Mass-velocity & Darwin integrals)
  Frederik Oersted Kjeldal,    Technical Univ. of Denmark,Denmark     (MP3)
  Erik Kjellgren,              Univ. of Southern Denmark, Denmark     (MC-srDFT)
  Wim Klopper,                 KIT Karlsruhe,             Germany     (R12 code in CC, SIRIUS, and ABACUS modules)
  Stefan Knecht,               ETH Zurich,                Switzerland (Parallel CI and MCSCF, MC-srDFT)
  Rika Kobayashi,              Australian National Univ., Australia   (DIIS in CC, London in MCSCF)
  Henrik Koch,                 NTNU,                      Norway      (CC module, Cholesky decomposition)
  Jacob Kongsted,              Univ. of Southern Denmark, Denmark     (Polarizable embedding, polarizable density embedding, QM/MM)
  Andrea Ligabue,              University of Modena,      Italy       (CTOCD, AOSOPPA)
  Nanna H. List                Univ. of Southern Denmark, Denmark     (Polarizable embedding)
  Ola B. Lutnaes,              University of Oslo,        Norway      (DFT Hessian)
  Juan I. Melo,                University of Buenos Aires,Argentina   (LRESC, Relativistic Effects on NMR Shieldings)
  Kurt V. Mikkelsen,           University of Copenhagen,  Denmark     (MC-SCRF, QM/MM, and MP3)
  Rolf H. Myhre,               NTNU,                      Norway      (Subsystems and CC3)
  Christian Neiss,             Univ. Erlangen-Nuernberg,  Germany     (CCSD(R12))
  Christian B. Nielsen,        University of Copenhagen,  Denmark     (QM/MM)
  Patrick Norman,              KTH Stockholm,             Sweden      (Cubic response and complex frequency response in RESPONS)
  Jeppe Olsen,                 Aarhus University,         Denmark     (SIRIUS CI/density modules)
  Jogvan Magnus H. Olsen,      Aarhus University,         Denmark     (Polarizable embedding and polarizable density embedding)
  Anders Osted,                Copenhagen University,     Denmark     (QM/MM)
  Martin J. Packer,            University of Sheffield,   UK          (SOPPA)
  Filip Pawlowski,             Kazimierz Wielki UniversityPoland      (CC3)
  Morten N. Pedersen,          Univ. of Southern Denmark, Denmark     (Polarizable embedding)
  Thomas B. Pedersen,          University of Oslo,        Norway      (Cholesky decomposition)
  Patricio F. Provasi,         University of Northeastern,Argentina   (Analysis of coupling constants in localized orbitals)
  Peter Reinholdt,             Univ. of Southern Denmark, Denmark     (Polarizable embedding and polarizable density embedding)
  Zilvinas Rinkevicius,        KTH Stockholm,             Sweden      (open-shell DFT, ESR)
  Elias Rudberg,               KTH Stockholm,             Sweden      (DFT grid and basis info)
  Torgeir A. Ruden,            University of Oslo,        Norway      (Numerical derivatives in ABACUS)
  Kenneth Ruud,                UiT The Arctic U. of NorwayNorway      (DALTON; ABACUS magnetic properties and much more)
  Pawel Salek,                 KTH Stockholm,             Sweden      (DALTON; DFT code)
  Claire C. M. Samson          University of Karlsruhe    Germany     (Boys localization, r12 integrals in ERI)
  Alfredo Sanchez de Meras,    University of Valencia,    Spain       (CC module, Cholesky decomposition)
  Trond Saue,                  Paul Sabatier University,  France      (direct Fock matrix construction)
  Stephan P. A. Sauer,         University of Copenhagen,  Denmark     (SOPPA(CCSD), SOPPA prop., AOSOPPA, vibrational g-factors)
  Bernd Schimmelpfennig,       Forschungszentrum KarlsruheGermany     (AMFI module)
  Anna K. Schnack-Petersen,    University of Copenhagen,  Denmark     (RPA(D) and HRPA(D) properties in AOSOPPA)
  Kristian Sneskov,            Aarhus University,         Denmark     (Polarizable embedding, QM/MM)
  Arnfinn H. Steindal,         UiT The Arctic U. of NorwayNorway      (parallel QM/MM, polarizable embedding)
  Casper Steinmann,            Aalborg University,        Denmark     (QFIT, polarizable embedding)
  K. O. Sylvester-Hvid,        University of Copenhagen,  Denmark     (MC-SCRF)
  Peter R. Taylor,             VLSCI/Univ. of Melbourne,  Australia   (Symmetry handling ABACUS, integral transformation)
  Andrew M. Teale,             University of Nottingham,  England     (DFT-AC, DFT-D)
  David P. Tew,                University of Bristol,     England     (CCSD(R12))
  Julien Toulouse,             Sorbonne Univ.,            France      (MC-srDFT)
  Olav Vahtras,                KTH Stockholm,             Sweden      (Triplet response, spin-orbit, ESR, TDDFT, open-shell DFT)
  Lucas Visscher,              Vrije Universiteit AmsterdaNetherlands (Frozen density embedding)
  David J. Wilson,             La Trobe University,       Australia   (DFT Hessian and DFT magnetizabilities)
  Luna Zamok,                  University of Copenhagen,  Denmark     (Block Lanczos RPA solver in SOPPA module)
  Hans Agren,                  KTH Stockholm,             Sweden      (SIRIUS module, RESPONS, MC-SCRF solvation)
 --------------------------------------------------------------------------------

     Date and time (Linux)  : Wed Jun  8 14:50:52 2022
     Host name              : gemini                                  

 * Work memory size             :    64000000 =  488.28 megabytes.

 * Directories for basis set searches:
   1) /home/reinholdt/Programs/dalton/DALTON/test/dft_camb3lyp_molgrad
   2) /home/reinholdt/Programs/dalton/build/basis


Compilation information
-----------------------

 Who compiled             | reinholdt
 Host                     | gemini
 System                   | Linux-5.15.34-1-lts
 CMake generator          | Unix Makefiles
 Processor                | x86_64
 64-bit integers          | OFF
 MPI                      | ON
 Fortran compiler         | /usr/bin/mpif90
 Fortran compiler version | GNU Fortran (GCC) 11.2.0
 C compiler               | /usr/bin/mpicc
 C compiler version       | gcc (GCC) 11.2.0
 C++ compiler             | /usr/bin/mpicxx
 C++ compiler version     | unknown
 BLAS                     | /lib64/libopenblas.so
 LAPACK                   | /lib64/liblapack.so
 Static linking           | OFF
 Last Git revision        | 07292fe2d2f7d5349434b1d9c2de3151ddb86ccb
 Git branch               | master
 Configuration time       | 2022-06-08 14:47:44.344968

 * Sequential calculation.


   Content of the .dal input file
 ----------------------------------

**DALTON
.RUN PROPERTIES
.DIRECT
.PRINT
1
**WAVE FUNCTIONS
.DFT
CAMB3LYP
**PROPER
.MOLGRA
*TROINV
.SKIP
**END OF


   Content of the .mol file
 ----------------------------

BASIS
STO-3G


Atomtypes=1 Charge=0 Angstrom NoSymmetry
Charge=1 Atoms=2
H     0 0 0
H     0 0 1


       *******************************************************************
       *********** Output from DALTON general input processing ***********
       *******************************************************************

 --------------------------------------------------------------------------------
   Overall default print level:    1
   Print level for DALTON.STAT:    2

    AO-direct calculation (in sections where implemented)
    HERMIT 1- and 2-electron integral sections will be executed
    "Old" integral transformation used (limited to max 255 basis functions)
    Wave function sections will be executed (SIRIUS module)
    Static molecular property section will be executed (ABACUS module)
 --------------------------------------------------------------------------------


   ****************************************************************************
   *************** Output of molecule and basis set information ***************
   ****************************************************************************


 Basis set 1 is  "STO-3G" from the basis set library.

    The two title cards from your ".mol" input:
    ------------------------------------------------------------------------
 1:                                                                         
 2:                                                                         
    ------------------------------------------------------------------------

  Coordinates are entered in Angstrom and converted to atomic units.
          - Conversion factor : 1 bohr = 0.52917721 A

  Atomic type no.    1
  --------------------
  Nuclear charge:   1.00000
  Number of symmetry independent centers:    2
  Number of basis sets to read;    2
  Basis set file used for this atomic type with Z =   1 :
  Trying file: "/home/reinholdt/Programs/dalton/DALTON/test/dft_camb3lyp_molgrad/STO-3G"
  Trying file: "/home/reinholdt/Programs/dalton/build/basis/STO-3G"
     "/home/reinholdt/Programs/dalton/build/basis/STO-3G"
  Basis set file used for this atomic type with Z =   1 :
     "/home/reinholdt/Programs/dalton/build/basis/ano-4"


                         SYMGRP: Point group information
                         -------------------------------

@    Point group: C1 


                                 Isotopic Masses
                                 ---------------

                           H           1.007825
                           H           1.007825

                       Total mass:     2.015650 amu
                       Natural abundance:  99.970 %

 Center-of-mass coordinates (a.u.):    0.000000    0.000000    0.944863
 Center-of-mass coordinates (Angs):    0.000000    0.000000    0.500000


  Atoms and basis sets
  --------------------

  Number of atom types :    1
  Total number of atoms:    2

  Basis set used is "STO-3G" from the basis set library.

  label    atoms   charge   prim   cont     basis
  ----------------------------------------------------------------------
  H           2    1.0000     3     1      [3s|1s]                                            
  ----------------------------------------------------------------------
  total:      2    2.0000     6     2
  ----------------------------------------------------------------------

  Threshold for neglecting AO integrals:  1.00D-12


  Cartesian Coordinates (a.u.)
  ----------------------------

  Total number of coordinates:    6
  H       :     1  x   0.0000000000    2  y   0.0000000000    3  z   0.0000000000
  H       :     4  x   0.0000000000    5  y   0.0000000000    6  z   1.8897261250


   Interatomic separations (in Angstrom):
   --------------------------------------

            H           H     
            ------      ------
 H     :    0.000000
 H     :    1.000000    0.000000


  Max    interatomic separation is    1.0000 Angstrom (    1.8897 Bohr)
  between atoms    2 and    1, "H     " and "H     ".

  Min HX interatomic separation is    1.0000 Angstrom (    1.8897 Bohr)


  Bond distances (Angstrom):
  --------------------------

                  atom 1     atom 2       distance
                  ------     ------       --------




 Principal moments of inertia (u*A**2) and principal axes
 --------------------------------------------------------

   IA       0.000000          0.000000    0.000000    1.000000
   IB       0.503912          0.000000    1.000000    0.000000
   IC       0.503912          1.000000    0.000000    0.000000


 Rotational constants
 --------------------

@    The molecule is linear.

               B =      1002910.24 MHz     (   33.453485 cm-1)


@  Nuclear repulsion energy :    0.529177210800 Hartree


  Orbital exponents and contraction coefficients
  ----------------------------------------------


  H      1s      1        3.425251      0.1543
   seg. cont.    2        0.623914      0.5353
                 3        0.168855      0.4446

  H      1s      4        3.425251      0.1543
   seg. cont.    5        0.623914      0.5353
                 6        0.168855      0.4446


  Contracted Orbitals
  -------------------

    1  H       1s      1    2    3
    2  H       1s      4    5    6




 Copy of .mol input
 ------------------


--------------------------------------------------------------------------------
BASIS                                                                           
STO-3G                                                                          
                                                                                
                                                                                
ATOMTYPES=1 CHARGE=0 ANGSTROM NOSYMMETRY                                        
Charge=1 Atoms=2                                                                
H           0.0000000000        0.0000000000        0.0000000000                
H           0.0000000000        0.0000000000        1.0000000000                
--------------------------------------------------------------------------------



                     .---------------------------------------.
                     | Starting in Integral Section (HERMIT) |
                     `---------------------------------------'



 ***************************************************************************************
 ****************** Output from **INTEGRALS input processing (HERMIT) ******************
 ***************************************************************************************


 - Using defaults, no **INTEGRALS input found

 Default print level:        2

 Calculation of one-electron Hamiltonian integrals.

 Center of mass  (bohr):      0.000000000000      0.000000000000      0.944863062497
 Operator center (bohr):      0.000000000000      0.000000000000      0.000000000000
 Gauge origin    (bohr):      0.000000000000      0.000000000000      0.000000000000
 Dipole origin   (bohr):      0.000000000000      0.000000000000      0.000000000000


     ************************************************************************
     ************************** Output from HERONE **************************
     ************************************************************************



                      Nuclear contribution to dipole moments
                      --------------------------------------

                 au               Debye          C m (/(10**-30)

      x      0.00000000         0.00000000         0.00000000
      y      0.00000000         0.00000000         0.00000000
      z      1.88972612         4.80320440        16.02176530


  Total CPU  time used in HERMIT:   0.00 seconds
  Total wall time used in HERMIT:   0.00 seconds


                        .----------------------------------.
                        | End of Integral Section (HERMIT) |
                        `----------------------------------'



                   .--------------------------------------------.
                   | Starting in Wave Function Section (SIRIUS) |
                   `--------------------------------------------'


 *** Output from Huckel module :

     Using EWMO model:          T
     Using EHT  model:          F
     Number of Huckel orbitals each symmetry:    2

 EWMO - Energy Weighted Maximum Overlap - is a Huckel type method,
        which normally is better than Extended Huckel Theory.
 Reference: Linderberg and Ohrn, Propagators in Quantum Chemistry (Wiley, 1973)

 Huckel EWMO eigenvalues for symmetry :  1
           -0.789404      -0.210596


 ----- OUTPUT FROM SETCI -----


 CHCKCI: new CI definition (now RHF)!
 old and new NASHT  :        -1         0

 **********************************************************************
 *SIRIUS* a direct, restricted step, second order MCSCF program       *
 **********************************************************************

 
     Date and time (Linux)  : Wed Jun  8 14:50:52 2022
     Host name              : gemini                                  

 Title lines from ".mol" input file:
                                                                             
                                                                             

 Print level on unit LUPRI =   2 is   1
 Print level on unit LUW4  =   2 is   6

@    Restricted, closed shell Kohn-Sham DFT calculation.
 Fock matrices are calculated directly without use of integrals on disk.

 Initial molecular orbitals are obtained according to
 ".MOSTART EWMO  " input option

     Wave function specification
     ============================
@    Wave function type        --- KS-DFT ---
@    Number of closed shell electrons           2
@    Number of electrons in active shells       0
@    Total charge of the molecule               0

@    Spin multiplicity and 2 M_S                1         0
@    Total number of symmetries                 1 (point group: C1 )
@    Reference state symmetry                   1 (irrep name : A  )
 
     This is a DFT calculation of type: Camb3lyp
 CAM-B3LYP w/ alpha=0.190 beta=0.460 mu=0.330 VwnWeight=0.190 LypWeight=0.810

     Orbital specifications
     ======================
@    Abelian symmetry species          All |    1
@                                          |  A  
                                       --- |  ---
@    Occupied SCF orbitals               1 |    1
@    Secondary orbitals                  1 |    1
@    Total number of orbitals            2 |    2
@    Number of basis functions           2 |    2

     Optimization information
     ========================
@    Number of configurations                 1
@    Number of orbital rotations              1
     ------------------------------------------
@    Total number of variables                2

     Maximum number of Fock   iterations      0
     Maximum number of DIIS   iterations     60
     Maximum number of QC-SCF iterations     60
     Threshold for SCF convergence     1.00D-05
 
     This is a DFT calculation of type: Camb3lyp
 CAM-B3LYP w/ alpha=0.190 beta=0.460 mu=0.330 VwnWeight=0.190 LypWeight=0.810


 ***********************************************
 ***** DIIS acceleration of SCF iterations *****
 ***********************************************

 C1-DIIS algorithm; max error vectors =    2

 Iter      Total energy        Error norm    Delta(E)  DIIS dim.
 -----------------------------------------------------------------------------

SIRFCK: AO-direct construction of   1 Fock matrices
        IFCTYP:   13

 SIRFCK: CPU and WALL time used in Fock matrix constructions     0.000     0.000
   1  Screening settings (-IFTHRS, JTDIIS, DIFDEN, times)   -4    1    F  1.67D-04  0.00D+00
         DFT grid generation - Radial Quadrature  : LMG scheme
         DFT grid generation - Partitioning : Original Becke partitioning
         DFT grid generation - Radial integration threshold: 1e-13
         DFT grid generation - Angular polynomials in range [15 35]
         DFT grid generation - Number of grid points:    36516; grid generation time:      0.0 s 

      K-S energy, electrons, error :     -0.411196647996   1.9999999956   -4.44D-09
@  1    -1.11524205136        2.22473D-15   -1.12D+00    1

@ *** DIIS converged in   1 iterations !
@     Converged SCF energy, gradient:     -1.115242051362    2.22D-15
    - total time used in SIRFCK :              0.00 seconds


 *** SCF orbital energy analysis ***

 Sym       Kohn-Sham orbital energies

1 A      -0.40334510     0.30749592

    E(LUMO) :     0.30749592 au (symmetry 1)
  - E(HOMO) :    -0.40334510 au (symmetry 1)
  ------------------------------------------
    gap     :     0.71084101 au

 --- Writing SIRIFC interface file

--------------------------------------------------------------------------------


     .-----------------------------------------------.
     | DFT KT IPs [a.u. & eV] from Koopmans' theorem |
     `-----------------------------------------------'


     DFT KT symmetry 1 ( A  ) in point group C1  -- 1 principal poles with pole strength 1

   ============
       0.403345
      10.975578
   ============

@ Summary of DFT KT ionization potentials [eV]:

@ Symmetry 1 (A  ) :    10.976

  === End of DFT KT output ===
--------------------------------------------------------------------------------


 CPU and wall time for SCF :       0.052       0.053


                       .-----------------------------------.
                       | --- Final results from SIRIUS --- |
                       `-----------------------------------'


@    Spin multiplicity:           1
@    Spatial symmetry:            1 ( irrep  A   in C1  )
@    Total charge of molecule:    0

@    Final DFT energy:             -1.115242051362                 
@    Nuclear repulsion:             0.529177210800
@    Electronic energy:            -1.644419262162

@    Final gradient norm:           0.000000000000

 
     Date and time (Linux)  : Wed Jun  8 14:50:52 2022
     Host name              : gemini                                  

File label for MO orbitals:   8Jun22   FOCKDIIS

 (Only coefficients > 0.0100 are printed.)

 Molecular orbitals for symmetry species 1  (A  )
 ------------------------------------------------

    Orbital         1        2
   1 H   :1s     0.5780  -0.9965
   2 H   :1s     0.5780   0.9965

  Total CPU  time used in SIRIUS :   0.05 seconds
  Total wall time used in SIRIUS :   0.05 seconds

 
     Date and time (Linux)  : Wed Jun  8 14:50:52 2022
     Host name              : gemini                                  


                     .---------------------------------------.
                     | End of Wave Function Section (SIRIUS) |
                     `---------------------------------------'



        *****************************************************************
        ******** Output from **PROPE input processing for ABACUS ********
        *****************************************************************



 The following molecular properties will be calculated in this run:
 ------------------------------------------------------------------

 Default print level:        1

      The molecular gradient
      Direct calculation - no two-electron integrals written or read.
      Natural orbital connection is used
      for perturbation dependent basis sets.


 Changes of defaults for TROINV:
 -------------------------------

 TROINV skipped in this run.

 Center of mass dipole origin  :    0.000000    0.000000    0.944863

 Center of mass gauge origin   :    0.000000    0.000000    0.944863


                 .------------------------------------------------.
                 | Starting in Static Property Section (ABACUS) - |
                 `------------------------------------------------'


 
     Date and time (Linux)  : Wed Jun  8 14:50:52 2022
     Host name              : gemini                                  


                            **************************
                            *** Output from TROINV ***
                            **************************



                      Nuclear contribution to dipole moments
                      --------------------------------------

                 au               Debye          C m (/(10**-30)

      x      0.00000000         0.00000000         0.00000000
      y      0.00000000         0.00000000         0.00000000
      z      0.00000000         0.00000000         0.00000000




                         Kinetic energy integral gradient
                         --------------------------------

 H          0.0000000000            0.0000000000            0.2623607024
 H          0.0000000000            0.0000000000           -0.2623607024





                       Nuclear attraction integral gradient
                       ------------------------------------

 H          0.0000000000            0.0000000000           -1.2476769842
 H          0.0000000000            0.0000000000            1.2476769842





                          Reorthonormalization gradient
                          -----------------------------

 H          0.0000000000            0.0000000000            0.1680680509
 H          0.0000000000            0.0000000000           -0.1680680509





                           DFT contribution to gradient
                           ----------------------------

 H         -0.0000000000            0.0000000000           -0.1633228263
 H          0.0000000000            0.0000000000            0.1633228263





                      Nuclear contribution to dipole moments
                      --------------------------------------

                 au               Debye          C m (/(10**-30)

      x      0.00000000         0.00000000         0.00000000
      y      0.00000000         0.00000000         0.00000000
      z      0.00000000         0.00000000         0.00000000



  ---------- Output from TWOEXP ---------- 



                          Two-electron integral gradient
                          ------------------------------

 H          0.0000000000            0.0000000000            0.5753556697
 H          0.0000000000            0.0000000000           -0.5753556697





                     Potential energy (NN + NE + EE) gradient
                     ----------------------------------------

 H          0.0000000000            0.0000000000           -0.3922927941
 H          0.0000000000            0.0000000000            0.3922927941





                                Molecular gradient
                                ------------------

 H          0.0000000000            0.0000000000            0.0381359592
 H          0.0000000000            0.0000000000           -0.0381359592




                   Molecular gradient norm:  5.39E-02


   ***************************************************************************
   ************************ FINAL RESULTS from ABACUS ************************
   ***************************************************************************


 
     Date and time (Linux)  : Wed Jun  8 14:50:52 2022
     Host name              : gemini                                  


                             Molecular geometry (au)
                             -----------------------

 H          0.0000000000            0.0000000000            0.0000000000
 H          0.0000000000            0.0000000000            1.8897261250





                        Molecular wave function and energy
                        ----------------------------------

     Spatial symmetry   1 ( A   )
     Spin multiplicity  1
     2 * M_S            0
     State number       1
     Total charge       0

     Total energy         -1.1152420514 au (Hartrees)
                           -30.34727995 eV
                             -2928.0676 kJ/mol
                              -699.8249 kcal/mol


                   Scalar Breit-Pauli relativistic corrections
                   -------------------------------------------

     Darwin correction:                          0.0000552136 au
     Mass-velocity correction:                  -0.0000713542 au

     Total relativistic correction:             -0.0000161406 au ( 0.0014%)
     Non-relativistic + relativistic energy:    -1.1152581919 au



      (Note that these corrections are NOT included in the results below.)


                             Molecular gradient (au)
                             -----------------------

 H         -0.0000000000            0.0000000000           -0.1251868672
 H          0.0000000000            0.0000000000            0.1251868672





                                  Dipole moment
                                  -------------

                 au               Debye          C m (/(10**-30)
              0.000000           0.000000           0.000000


                             Dipole moment components
                             ------------------------

                 au               Debye          C m (/(10**-30)

      x      0.00000000         0.00000000         0.00000000
      y      0.00000000         0.00000000         0.00000000
      z      0.00000000         0.00000000         0.00000000


   Units:   1 a.u. =   2.54175 Debye 
            1 a.u. =   8.47835 (10**-30) C m (SI)




   Interatomic separations (in Angstrom):
   --------------------------------------

            H           H     
            ------      ------
 H     :    0.000000
 H     :    1.000000    0.000000


  Max    interatomic separation is    1.0000 Angstrom (    1.8897 Bohr)
  between atoms    2 and    1, "H     " and "H     ".

  Min HX interatomic separation is    1.0000 Angstrom (    1.8897 Bohr)


  Bond distances (Angstrom):
  --------------------------

                  atom 1     atom 2       distance
                  ------     ------       --------


  Total CPU  time used in ABACUS:   0.04 seconds
  Total wall time used in ABACUS:   0.04 seconds


                   .-------------------------------------------.
                   | End of Static Property Section (ABACUS) - |
                   `-------------------------------------------'

  Total CPU  time used in DALTON:   0.10 seconds
  Total wall time used in DALTON:   0.10 seconds

 
     Date and time (Linux)  : Wed Jun  8 14:50:52 2022
     Host name              : gemini                                  
